// Jest Snapshot v1, https://goo.gl/fbAQLP

exports[`expect to render Header component 1`] = `
ShallowWrapper {
  Symbol(enzyme.__root__): [Circular],
  Symbol(enzyme.__unrendered__): <Header />,
  Symbol(enzyme.__renderer__): Object {
    "batchedUpdates": [Function],
    "getNode": [Function],
    "render": [Function],
    "simulateError": [Function],
    "simulateEvent": [Function],
    "unmount": [Function],
  },
  Symbol(enzyme.__node__): Object {
    "instance": null,
    "key": undefined,
    "nodeType": "host",
    "props": Object {
      "children": <a
        href="/"
      >
        <img
          alt="MuzMatch"
          className="header-logo"
          src="/images/header-logo.png"
        />
      </a>,
    },
    "ref": null,
    "rendered": Object {
      "instance": null,
      "key": undefined,
      "nodeType": "host",
      "props": Object {
        "children": <img
          alt="MuzMatch"
          className="header-logo"
          src="/images/header-logo.png"
        />,
        "href": "/",
      },
      "ref": null,
      "rendered": Object {
        "instance": null,
        "key": undefined,
        "nodeType": "host",
        "props": Object {
          "alt": "MuzMatch",
          "className": "header-logo",
          "src": "/images/header-logo.png",
        },
        "ref": null,
        "rendered": null,
        "type": "img",
      },
      "type": "a",
    },
    "type": "header",
  },
  Symbol(enzyme.__nodes__): Array [
    Object {
      "instance": null,
      "key": undefined,
      "nodeType": "host",
      "props": Object {
        "children": <a
          href="/"
        >
          <img
            alt="MuzMatch"
            className="header-logo"
            src="/images/header-logo.png"
          />
        </a>,
      },
      "ref": null,
      "rendered": Object {
        "instance": null,
        "key": undefined,
        "nodeType": "host",
        "props": Object {
          "children": <img
            alt="MuzMatch"
            className="header-logo"
            src="/images/header-logo.png"
          />,
          "href": "/",
        },
        "ref": null,
        "rendered": Object {
          "instance": null,
          "key": undefined,
          "nodeType": "host",
          "props": Object {
            "alt": "MuzMatch",
            "className": "header-logo",
            "src": "/images/header-logo.png",
          },
          "ref": null,
          "rendered": null,
          "type": "img",
        },
        "type": "a",
      },
      "type": "header",
    },
  ],
  Symbol(enzyme.__options__): Object {
    "adapter": ReactSixteenAdapter {
      "options": Object {
        "enableComponentDidUpdateOnSetState": true,
        "lifecycles": Object {
          "componentDidUpdate": Object {
            "onSetState": true,
          },
          "getDerivedStateFromProps": true,
          "getSnapshotBeforeUpdate": true,
          "setState": Object {
            "skipsComponentDidUpdateOnNullish": true,
          },
        },
      },
    },
  },
}
`;
