// Jest Snapshot v1, https://goo.gl/fbAQLP

exports[`expect to render App component 1`] = `
ShallowWrapper {
  Symbol(enzyme.__root__): [Circular],
  Symbol(enzyme.__unrendered__): <App />,
  Symbol(enzyme.__renderer__): Object {
    "batchedUpdates": [Function],
    "getNode": [Function],
    "render": [Function],
    "simulateError": [Function],
    "simulateEvent": [Function],
    "unmount": [Function],
  },
  Symbol(enzyme.__node__): Object {
    "instance": null,
    "key": undefined,
    "nodeType": "host",
    "props": Object {
      "children": Array [
        <Header />,
        <main
          className="app-main"
        >
          <div
            className="app-container"
          >
            <Row
              gutter={0}
            >
              <Col
                lg={16}
                md={24}
                sm={24}
                xl={16}
                xs={24}
              >
                <Video />
              </Col>
              <Col
                lg={8}
                md={24}
                sm={24}
                xl={8}
                xs={24}
              >
                <Comments />
              </Col>
            </Row>
          </div>
        </main>,
      ],
      "className": "app",
    },
    "ref": null,
    "rendered": Array [
      Object {
        "instance": null,
        "key": undefined,
        "nodeType": "function",
        "props": Object {},
        "ref": null,
        "rendered": null,
        "type": [Function],
      },
      Object {
        "instance": null,
        "key": undefined,
        "nodeType": "host",
        "props": Object {
          "children": <div
            className="app-container"
          >
            <Row
              gutter={0}
            >
              <Col
                lg={16}
                md={24}
                sm={24}
                xl={16}
                xs={24}
              >
                <Video />
              </Col>
              <Col
                lg={8}
                md={24}
                sm={24}
                xl={8}
                xs={24}
              >
                <Comments />
              </Col>
            </Row>
          </div>,
          "className": "app-main",
        },
        "ref": null,
        "rendered": Object {
          "instance": null,
          "key": undefined,
          "nodeType": "host",
          "props": Object {
            "children": <Row
              gutter={0}
            >
              <Col
                lg={16}
                md={24}
                sm={24}
                xl={16}
                xs={24}
              >
                <Video />
              </Col>
              <Col
                lg={8}
                md={24}
                sm={24}
                xl={8}
                xs={24}
              >
                <Comments />
              </Col>
            </Row>,
            "className": "app-container",
          },
          "ref": null,
          "rendered": Object {
            "instance": null,
            "key": undefined,
            "nodeType": "class",
            "props": Object {
              "children": Array [
                <Col
                  lg={16}
                  md={24}
                  sm={24}
                  xl={16}
                  xs={24}
                >
                  <Video />
                </Col>,
                <Col
                  lg={8}
                  md={24}
                  sm={24}
                  xl={8}
                  xs={24}
                >
                  <Comments />
                </Col>,
              ],
              "gutter": 0,
            },
            "ref": null,
            "rendered": Array [
              Object {
                "instance": null,
                "key": undefined,
                "nodeType": "class",
                "props": Object {
                  "children": <Video />,
                  "lg": 16,
                  "md": 24,
                  "sm": 24,
                  "xl": 16,
                  "xs": 24,
                },
                "ref": null,
                "rendered": Object {
                  "instance": null,
                  "key": undefined,
                  "nodeType": "function",
                  "props": Object {},
                  "ref": null,
                  "rendered": null,
                  "type": [Function],
                },
                "type": [Function],
              },
              Object {
                "instance": null,
                "key": undefined,
                "nodeType": "class",
                "props": Object {
                  "children": <Comments />,
                  "lg": 8,
                  "md": 24,
                  "sm": 24,
                  "xl": 8,
                  "xs": 24,
                },
                "ref": null,
                "rendered": Object {
                  "instance": null,
                  "key": undefined,
                  "nodeType": "class",
                  "props": Object {},
                  "ref": null,
                  "rendered": null,
                  "type": [Function],
                },
                "type": [Function],
              },
            ],
            "type": [Function],
          },
          "type": "div",
        },
        "type": "main",
      },
    ],
    "type": "div",
  },
  Symbol(enzyme.__nodes__): Array [
    Object {
      "instance": null,
      "key": undefined,
      "nodeType": "host",
      "props": Object {
        "children": Array [
          <Header />,
          <main
            className="app-main"
          >
            <div
              className="app-container"
            >
              <Row
                gutter={0}
              >
                <Col
                  lg={16}
                  md={24}
                  sm={24}
                  xl={16}
                  xs={24}
                >
                  <Video />
                </Col>
                <Col
                  lg={8}
                  md={24}
                  sm={24}
                  xl={8}
                  xs={24}
                >
                  <Comments />
                </Col>
              </Row>
            </div>
          </main>,
        ],
        "className": "app",
      },
      "ref": null,
      "rendered": Array [
        Object {
          "instance": null,
          "key": undefined,
          "nodeType": "function",
          "props": Object {},
          "ref": null,
          "rendered": null,
          "type": [Function],
        },
        Object {
          "instance": null,
          "key": undefined,
          "nodeType": "host",
          "props": Object {
            "children": <div
              className="app-container"
            >
              <Row
                gutter={0}
              >
                <Col
                  lg={16}
                  md={24}
                  sm={24}
                  xl={16}
                  xs={24}
                >
                  <Video />
                </Col>
                <Col
                  lg={8}
                  md={24}
                  sm={24}
                  xl={8}
                  xs={24}
                >
                  <Comments />
                </Col>
              </Row>
            </div>,
            "className": "app-main",
          },
          "ref": null,
          "rendered": Object {
            "instance": null,
            "key": undefined,
            "nodeType": "host",
            "props": Object {
              "children": <Row
                gutter={0}
              >
                <Col
                  lg={16}
                  md={24}
                  sm={24}
                  xl={16}
                  xs={24}
                >
                  <Video />
                </Col>
                <Col
                  lg={8}
                  md={24}
                  sm={24}
                  xl={8}
                  xs={24}
                >
                  <Comments />
                </Col>
              </Row>,
              "className": "app-container",
            },
            "ref": null,
            "rendered": Object {
              "instance": null,
              "key": undefined,
              "nodeType": "class",
              "props": Object {
                "children": Array [
                  <Col
                    lg={16}
                    md={24}
                    sm={24}
                    xl={16}
                    xs={24}
                  >
                    <Video />
                  </Col>,
                  <Col
                    lg={8}
                    md={24}
                    sm={24}
                    xl={8}
                    xs={24}
                  >
                    <Comments />
                  </Col>,
                ],
                "gutter": 0,
              },
              "ref": null,
              "rendered": Array [
                Object {
                  "instance": null,
                  "key": undefined,
                  "nodeType": "class",
                  "props": Object {
                    "children": <Video />,
                    "lg": 16,
                    "md": 24,
                    "sm": 24,
                    "xl": 16,
                    "xs": 24,
                  },
                  "ref": null,
                  "rendered": Object {
                    "instance": null,
                    "key": undefined,
                    "nodeType": "function",
                    "props": Object {},
                    "ref": null,
                    "rendered": null,
                    "type": [Function],
                  },
                  "type": [Function],
                },
                Object {
                  "instance": null,
                  "key": undefined,
                  "nodeType": "class",
                  "props": Object {
                    "children": <Comments />,
                    "lg": 8,
                    "md": 24,
                    "sm": 24,
                    "xl": 8,
                    "xs": 24,
                  },
                  "ref": null,
                  "rendered": Object {
                    "instance": null,
                    "key": undefined,
                    "nodeType": "class",
                    "props": Object {},
                    "ref": null,
                    "rendered": null,
                    "type": [Function],
                  },
                  "type": [Function],
                },
              ],
              "type": [Function],
            },
            "type": "div",
          },
          "type": "main",
        },
      ],
      "type": "div",
    },
  ],
  Symbol(enzyme.__options__): Object {
    "adapter": ReactSixteenAdapter {
      "options": Object {
        "enableComponentDidUpdateOnSetState": true,
        "lifecycles": Object {
          "componentDidUpdate": Object {
            "onSetState": true,
          },
          "getDerivedStateFromProps": true,
          "getSnapshotBeforeUpdate": true,
          "setState": Object {
            "skipsComponentDidUpdateOnNullish": true,
          },
        },
      },
    },
  },
}
`;
