// Jest Snapshot v1, https://goo.gl/fbAQLP

exports[`expect to render Comment Entry component 1`] = `
ShallowWrapper {
  Symbol(enzyme.__root__): [Circular],
  Symbol(enzyme.__unrendered__): <CommentEntry
    comment="Hello"
    img=""
    name="You"
    time="123"
  />,
  Symbol(enzyme.__renderer__): Object {
    "batchedUpdates": [Function],
    "getNode": [Function],
    "render": [Function],
    "simulateError": [Function],
    "simulateEvent": [Function],
    "unmount": [Function],
  },
  Symbol(enzyme.__node__): Object {
    "instance": null,
    "key": undefined,
    "nodeType": "class",
    "props": Object {
      "children": Array [
        <div
          className="commententry-user"
        >
          <Col
            span={18}
          >
            <Avatar
              className="commententry-avatar"
              prefixCls="ant-avatar"
              shape="circle"
              size="default"
              style={
                Object {
                  "backgroundColor": "#00bfff",
                  "color": "#ffffff",
                }
              }
            >
              You
            </Avatar>
            You
            :
          </Col>
          <Col
            className="commententry-user"
            span={6}
          >
            (1896 years ago)
          </Col>
        </div>,
        <Col
          span={24}
        >
          <p>
            Hello
          </p>
        </Col>,
      ],
      "className": "commententry",
      "gutter": 0,
    },
    "ref": null,
    "rendered": Array [
      Object {
        "instance": null,
        "key": undefined,
        "nodeType": "host",
        "props": Object {
          "children": Array [
            <Col
              span={18}
            >
              <Avatar
                className="commententry-avatar"
                prefixCls="ant-avatar"
                shape="circle"
                size="default"
                style={
                  Object {
                    "backgroundColor": "#00bfff",
                    "color": "#ffffff",
                  }
                }
              >
                You
              </Avatar>
              You
              :
            </Col>,
            <Col
              className="commententry-user"
              span={6}
            >
              (1896 years ago)
            </Col>,
          ],
          "className": "commententry-user",
        },
        "ref": null,
        "rendered": Array [
          Object {
            "instance": null,
            "key": undefined,
            "nodeType": "class",
            "props": Object {
              "children": Array [
                <Avatar
                  className="commententry-avatar"
                  prefixCls="ant-avatar"
                  shape="circle"
                  size="default"
                  style={
                    Object {
                      "backgroundColor": "#00bfff",
                      "color": "#ffffff",
                    }
                  }
                >
                  You
                </Avatar>,
                "You",
                ":",
              ],
              "span": 18,
            },
            "ref": null,
            "rendered": Array [
              Object {
                "instance": null,
                "key": undefined,
                "nodeType": "class",
                "props": Object {
                  "children": "You",
                  "className": "commententry-avatar",
                  "prefixCls": "ant-avatar",
                  "shape": "circle",
                  "size": "default",
                  "style": Object {
                    "backgroundColor": "#00bfff",
                    "color": "#ffffff",
                  },
                },
                "ref": null,
                "rendered": "You",
                "type": [Function],
              },
              "You",
              ":",
            ],
            "type": [Function],
          },
          Object {
            "instance": null,
            "key": undefined,
            "nodeType": "class",
            "props": Object {
              "children": "(1896 years ago)",
              "className": "commententry-user",
              "span": 6,
            },
            "ref": null,
            "rendered": "(1896 years ago)",
            "type": [Function],
          },
        ],
        "type": "div",
      },
      Object {
        "instance": null,
        "key": undefined,
        "nodeType": "class",
        "props": Object {
          "children": <p>
            Hello
          </p>,
          "span": 24,
        },
        "ref": null,
        "rendered": Object {
          "instance": null,
          "key": undefined,
          "nodeType": "host",
          "props": Object {
            "children": "Hello",
          },
          "ref": null,
          "rendered": "Hello",
          "type": "p",
        },
        "type": [Function],
      },
    ],
    "type": [Function],
  },
  Symbol(enzyme.__nodes__): Array [
    Object {
      "instance": null,
      "key": undefined,
      "nodeType": "class",
      "props": Object {
        "children": Array [
          <div
            className="commententry-user"
          >
            <Col
              span={18}
            >
              <Avatar
                className="commententry-avatar"
                prefixCls="ant-avatar"
                shape="circle"
                size="default"
                style={
                  Object {
                    "backgroundColor": "#00bfff",
                    "color": "#ffffff",
                  }
                }
              >
                You
              </Avatar>
              You
              :
            </Col>
            <Col
              className="commententry-user"
              span={6}
            >
              (1896 years ago)
            </Col>
          </div>,
          <Col
            span={24}
          >
            <p>
              Hello
            </p>
          </Col>,
        ],
        "className": "commententry",
        "gutter": 0,
      },
      "ref": null,
      "rendered": Array [
        Object {
          "instance": null,
          "key": undefined,
          "nodeType": "host",
          "props": Object {
            "children": Array [
              <Col
                span={18}
              >
                <Avatar
                  className="commententry-avatar"
                  prefixCls="ant-avatar"
                  shape="circle"
                  size="default"
                  style={
                    Object {
                      "backgroundColor": "#00bfff",
                      "color": "#ffffff",
                    }
                  }
                >
                  You
                </Avatar>
                You
                :
              </Col>,
              <Col
                className="commententry-user"
                span={6}
              >
                (1896 years ago)
              </Col>,
            ],
            "className": "commententry-user",
          },
          "ref": null,
          "rendered": Array [
            Object {
              "instance": null,
              "key": undefined,
              "nodeType": "class",
              "props": Object {
                "children": Array [
                  <Avatar
                    className="commententry-avatar"
                    prefixCls="ant-avatar"
                    shape="circle"
                    size="default"
                    style={
                      Object {
                        "backgroundColor": "#00bfff",
                        "color": "#ffffff",
                      }
                    }
                  >
                    You
                  </Avatar>,
                  "You",
                  ":",
                ],
                "span": 18,
              },
              "ref": null,
              "rendered": Array [
                Object {
                  "instance": null,
                  "key": undefined,
                  "nodeType": "class",
                  "props": Object {
                    "children": "You",
                    "className": "commententry-avatar",
                    "prefixCls": "ant-avatar",
                    "shape": "circle",
                    "size": "default",
                    "style": Object {
                      "backgroundColor": "#00bfff",
                      "color": "#ffffff",
                    },
                  },
                  "ref": null,
                  "rendered": "You",
                  "type": [Function],
                },
                "You",
                ":",
              ],
              "type": [Function],
            },
            Object {
              "instance": null,
              "key": undefined,
              "nodeType": "class",
              "props": Object {
                "children": "(1896 years ago)",
                "className": "commententry-user",
                "span": 6,
              },
              "ref": null,
              "rendered": "(1896 years ago)",
              "type": [Function],
            },
          ],
          "type": "div",
        },
        Object {
          "instance": null,
          "key": undefined,
          "nodeType": "class",
          "props": Object {
            "children": <p>
              Hello
            </p>,
            "span": 24,
          },
          "ref": null,
          "rendered": Object {
            "instance": null,
            "key": undefined,
            "nodeType": "host",
            "props": Object {
              "children": "Hello",
            },
            "ref": null,
            "rendered": "Hello",
            "type": "p",
          },
          "type": [Function],
        },
      ],
      "type": [Function],
    },
  ],
  Symbol(enzyme.__options__): Object {
    "adapter": ReactSixteenAdapter {
      "options": Object {
        "enableComponentDidUpdateOnSetState": true,
        "lifecycles": Object {
          "componentDidUpdate": Object {
            "onSetState": true,
          },
          "getDerivedStateFromProps": true,
          "getSnapshotBeforeUpdate": true,
          "setState": Object {
            "skipsComponentDidUpdateOnNullish": true,
          },
        },
      },
    },
  },
}
`;
